<?php return array (
  0 => 'Symfony\\Bundle\\FrameworkBundle\\Templating\\GlobalVariables',
  1 => 'Symfony\\Bundle\\FrameworkBundle\\Templating\\TemplateReference',
  2 => 'Symfony\\Bundle\\FrameworkBundle\\Templating\\TemplateNameParser',
  3 => 'Symfony\\Bundle\\FrameworkBundle\\Templating\\Loader\\TemplateLocator',
  4 => 'Symfony\\Component\\Routing\\Generator\\UrlGenerator',
  5 => 'Symfony\\Component\\Routing\\RequestContext',
  6 => 'Symfony\\Component\\Routing\\Router',
  7 => 'Symfony\\Bundle\\FrameworkBundle\\Routing\\RedirectableUrlMatcher',
  8 => 'Symfony\\Bundle\\FrameworkBundle\\Routing\\Router',
  9 => 'Symfony\\Component\\Config\\FileLocator',
  10 => 'Symfony\\Component\\EventDispatcher\\Event',
  11 => 'Symfony\\Component\\EventDispatcher\\ContainerAwareEventDispatcher',
  12 => 'Symfony\\Component\\HttpKernel\\EventListener\\ResponseListener',
  13 => 'Symfony\\Component\\HttpKernel\\EventListener\\RouterListener',
  14 => 'Symfony\\Component\\HttpKernel\\Controller\\ControllerResolver',
  15 => 'Symfony\\Component\\HttpKernel\\Event\\KernelEvent',
  16 => 'Symfony\\Component\\HttpKernel\\Event\\FilterControllerEvent',
  17 => 'Symfony\\Component\\HttpKernel\\Event\\FilterResponseEvent',
  18 => 'Symfony\\Component\\HttpKernel\\Event\\GetResponseEvent',
  19 => 'Symfony\\Component\\HttpKernel\\Event\\GetResponseForControllerResultEvent',
  20 => 'Symfony\\Component\\HttpKernel\\Event\\GetResponseForExceptionEvent',
  21 => 'Symfony\\Component\\HttpKernel\\KernelEvents',
  22 => 'Symfony\\Component\\HttpKernel\\Config\\FileLocator',
  23 => 'Symfony\\Bundle\\FrameworkBundle\\Controller\\ControllerNameParser',
  24 => 'Symfony\\Bundle\\FrameworkBundle\\Controller\\ControllerResolver',
  25 => 'Twig_Environment',
  26 => 'Twig_Extension',
  27 => 'Twig_Extension_Core',
  28 => 'Twig_Extension_Escaper',
  29 => 'Twig_Extension_Optimizer',
  30 => 'Twig_LoaderInterface',
  31 => 'Twig_Markup',
  32 => 'Twig_Template',
);